g.out test 2 failed: diff failure
g.out test 3 failed: diff failure
