a.out test 1 failed: diff failure
b.out 2 of 2 tests passed.
c.out test 3 failed: diff failure
