Could not find required test file 'test1.in'
Nonzero exit status: 1
