a.out 3 of 3 tests passed.
b.out 2 of 2 tests passed.
