ls.c  ls.out  test15.in  test15.out  test.output.temp
