Hello, world!
0: ./b.out
1: -verbose
Writing input contents:
44444444444444444444444444444444444444444444
