Hello, world!
0: ./a.out
1: -a
2: -b
3: -c
Writing input contents:
This is test 1!
