Hello, world!
0: ./a.out
1: -xyz
Writing input contents:
This is test 2!
This is another line.
