Hello, world!
0: ./b.out
Writing input contents:
This is test 1!
